2025-06-17 08:48:12.304 [HikariPool-1:housekeeper] WARN  user2:com.zaxxer.hikari.pool.HikariPool - HikariPool-1 - Thread starvation or clock leap detected (housekeeper delta=9h50m40s628ms844µs200ns).
2025-06-17 08:48:21.762 [AsyncResolver-bootstrap-executor-%d] INFO  user2:c.n.d.s.r.aws.ConfigClusterResolver - Resolving eureka endpoints via configuration
2025-06-17 08:53:21.766 [AsyncResolver-bootstrap-executor-%d] INFO  user2:c.n.d.s.r.aws.ConfigClusterResolver - Resolving eureka endpoints via configuration
2025-06-17 08:57:18.633 [RMI TCP Connection(45)-127.0.0.1] INFO  user2:o.s.b.a.SpringApplicationAdminMXBeanRegistrar$SpringApplicationAdmin - Application shutdown requested.
2025-06-17 08:57:18.635 [RMI TCP Connection(45)-127.0.0.1] INFO  user2:o.s.c.n.e.s.EurekaServiceRegistry - Unregistering application USER2 with eureka with status DOWN
2025-06-17 08:57:18.635 [RMI TCP Connection(45)-127.0.0.1] INFO  user2:c.netflix.discovery.DiscoveryClient - Saw local status change event StatusChangeEvent [timestamp=1750130838635, current=DOWN, previous=UP]
2025-06-17 08:57:18.635 [DiscoveryClient-InstanceInfoReplicator-%d] INFO  user2:c.netflix.discovery.DiscoveryClient - DiscoveryClient_USER2/LTIN518746.cts.com:user2:7003: registering service...
2025-06-17 08:57:18.638 [RMI TCP Connection(45)-127.0.0.1] INFO  user2:o.s.b.w.e.tomcat.GracefulShutdown - Commencing graceful shutdown. Waiting for active requests to complete
2025-06-17 08:57:18.642 [tomcat-shutdown] INFO  user2:o.s.b.w.e.tomcat.GracefulShutdown - Graceful shutdown complete
2025-06-17 08:57:18.644 [DiscoveryClient-InstanceInfoReplicator-%d] INFO  user2:c.netflix.discovery.DiscoveryClient - DiscoveryClient_USER2/LTIN518746.cts.com:user2:7003 - registration status: 204
2025-06-17 08:57:18.647 [RMI TCP Connection(45)-127.0.0.1] INFO  user2:o.s.o.j.LocalContainerEntityManagerFactoryBean - Closing JPA EntityManagerFactory for persistence unit 'default'
2025-06-17 08:57:18.649 [RMI TCP Connection(45)-127.0.0.1] INFO  user2:com.zaxxer.hikari.HikariDataSource - HikariPool-1 - Shutdown initiated...
2025-06-17 08:57:18.654 [RMI TCP Connection(45)-127.0.0.1] INFO  user2:com.zaxxer.hikari.HikariDataSource - HikariPool-1 - Shutdown completed.
2025-06-17 08:57:18.655 [RMI TCP Connection(45)-127.0.0.1] INFO  user2:c.netflix.discovery.DiscoveryClient - Shutting down DiscoveryClient ...
2025-06-17 08:57:21.656 [RMI TCP Connection(45)-127.0.0.1] INFO  user2:c.netflix.discovery.DiscoveryClient - Unregistering ...
2025-06-17 08:57:21.674 [RMI TCP Connection(45)-127.0.0.1] INFO  user2:c.netflix.discovery.DiscoveryClient - DiscoveryClient_USER2/LTIN518746.cts.com:user2:7003 - deregister  status: 200
2025-06-17 08:57:21.675 [RMI TCP Connection(45)-127.0.0.1] INFO  user2:c.netflix.discovery.DiscoveryClient - Completed shut down of DiscoveryClient
2025-06-17 08:57:28.729 [main] INFO  user2:com.cts.User2Application - Starting User2Application using Java 21.0.6 with PID 15208 (C:\Users\2406357\Documents\workspace-spring-tool-suite-4-4.29.1.RELEASE project\user3\target\classes started by 2406357 in C:\Users\2406357\Documents\workspace-spring-tool-suite-4-4.29.1.RELEASE project\user3)
2025-06-17 08:57:28.732 [main] INFO  user2:com.cts.User2Application - No active profile set, falling back to 1 default profile: "default"
2025-06-17 08:57:30.365 [main] INFO  user2:o.s.d.r.c.RepositoryConfigurationDelegate - Bootstrapping Spring Data JPA repositories in DEFAULT mode.
2025-06-17 08:57:30.503 [main] INFO  user2:o.s.d.r.c.RepositoryConfigurationDelegate - Finished Spring Data repository scanning in 130 ms. Found 2 JPA repository interfaces.
2025-06-17 08:57:30.749 [main] INFO  user2:o.s.cloud.context.scope.GenericScope - BeanFactory id=43aa4eb7-65bc-3d0c-af30-fdbe0781d6f6
2025-06-17 08:57:31.140 [main] INFO  user2:o.s.b.w.e.tomcat.TomcatWebServer - Tomcat initialized with port 7003 (http)
2025-06-17 08:57:31.153 [main] INFO  user2:o.a.catalina.core.StandardService - Starting service [Tomcat]
2025-06-17 08:57:31.154 [main] INFO  user2:o.a.catalina.core.StandardEngine - Starting Servlet engine: [Apache Tomcat/10.1.41]
2025-06-17 08:57:31.230 [main] INFO  user2:o.a.c.c.C.[Tomcat].[localhost].[/] - Initializing Spring embedded WebApplicationContext
2025-06-17 08:57:31.230 [main] INFO  user2:o.s.b.w.s.c.ServletWebServerApplicationContext - Root WebApplicationContext: initialization completed in 2456 ms
2025-06-17 08:57:31.861 [main] INFO  user2:o.s.o.j.p.SpringPersistenceUnitInfo - No LoadTimeWeaver setup: ignoring JPA class transformer
2025-06-17 08:57:31.899 [main] INFO  user2:com.zaxxer.hikari.HikariDataSource - HikariPool-1 - Starting...
2025-06-17 08:57:32.238 [main] INFO  user2:com.zaxxer.hikari.pool.HikariPool - HikariPool-1 - Added connection com.mysql.cj.jdbc.ConnectionImpl@7dfec0bc
2025-06-17 08:57:32.240 [main] INFO  user2:com.zaxxer.hikari.HikariDataSource - HikariPool-1 - Start completed.
2025-06-17 08:57:33.371 [main] INFO  user2:o.s.o.j.LocalContainerEntityManagerFactoryBean - Initialized JPA EntityManagerFactory for persistence unit 'default'
2025-06-17 08:57:33.854 [main] WARN  user2:o.s.b.a.o.j.JpaBaseConfiguration$JpaWebConfiguration - spring.jpa.open-in-view is enabled by default. Therefore, database queries may be performed during view rendering. Explicitly configure spring.jpa.open-in-view to disable this warning
2025-06-17 08:57:33.949 [main] INFO  user2:o.s.c.o.FeignClientFactoryBean - For 'CartModule' URL not provided. Will try picking an instance via load-balancing.
2025-06-17 08:57:34.303 [main] INFO  user2:o.s.s.c.a.a.c.InitializeUserDetailsBeanManagerConfigurer$InitializeUserDetailsManagerConfigurer - Global AuthenticationManager configured with UserDetailsService bean with name userDetailsService
2025-06-17 08:57:34.397 [main] WARN  user2:o.s.b.w.s.c.AnnotationConfigServletWebServerApplicationContext - Exception encountered during context initialization - cancelling refresh attempt: org.springframework.beans.factory.UnsatisfiedDependencyException: Error creating bean with name 'org.springframework.security.config.annotation.web.configuration.WebSecurityConfiguration': Unsatisfied dependency expressed through method 'setFilterChains' parameter 0: Error creating bean with name 'securityFilterChain' defined in class path resource [com/cts/config/SecurityConfig.class]: Failed to instantiate [org.springframework.security.web.SecurityFilterChain]: Factory method 'securityFilterChain' threw exception with message: No qualifying bean of type 'org.springframework.security.oauth2.jwt.JwtDecoder' available
2025-06-17 08:57:34.401 [main] INFO  user2:o.s.o.j.LocalContainerEntityManagerFactoryBean - Closing JPA EntityManagerFactory for persistence unit 'default'
2025-06-17 08:57:34.403 [main] INFO  user2:com.zaxxer.hikari.HikariDataSource - HikariPool-1 - Shutdown initiated...
2025-06-17 08:57:34.411 [main] INFO  user2:com.zaxxer.hikari.HikariDataSource - HikariPool-1 - Shutdown completed.
2025-06-17 08:57:34.413 [main] INFO  user2:o.a.catalina.core.StandardService - Stopping service [Tomcat]
2025-06-17 08:57:34.426 [main] INFO  user2:o.s.b.a.l.ConditionEvaluationReportLogger - 

Error starting ApplicationContext. To display the condition evaluation report re-run your application with 'debug' enabled.
2025-06-17 08:57:34.448 [main] ERROR user2:o.s.b.d.LoggingFailureAnalysisReporter - 

***************************
APPLICATION FAILED TO START
***************************

Description:

Parameter 0 of method setFilterChains in org.springframework.security.config.annotation.web.configuration.WebSecurityConfiguration required a bean of type 'org.springframework.security.oauth2.jwt.JwtDecoder' that could not be found.


Action:

Consider defining a bean of type 'org.springframework.security.oauth2.jwt.JwtDecoder' in your configuration.

2025-06-17 08:58:58.332 [main] INFO  user2:com.cts.User2Application - Starting User2Application using Java 21.0.6 with PID 444 (C:\Users\2406357\Documents\workspace-spring-tool-suite-4-4.29.1.RELEASE project\user3\target\classes started by 2406357 in C:\Users\2406357\Documents\workspace-spring-tool-suite-4-4.29.1.RELEASE project\user3)
2025-06-17 08:58:58.334 [main] INFO  user2:com.cts.User2Application - No active profile set, falling back to 1 default profile: "default"
2025-06-17 08:58:59.118 [main] INFO  user2:o.s.d.r.c.RepositoryConfigurationDelegate - Bootstrapping Spring Data JPA repositories in DEFAULT mode.
2025-06-17 08:58:59.249 [main] INFO  user2:o.s.d.r.c.RepositoryConfigurationDelegate - Finished Spring Data repository scanning in 123 ms. Found 2 JPA repository interfaces.
2025-06-17 08:58:59.540 [main] INFO  user2:o.s.cloud.context.scope.GenericScope - BeanFactory id=43aa4eb7-65bc-3d0c-af30-fdbe0781d6f6
2025-06-17 08:58:59.917 [main] INFO  user2:o.s.b.w.e.tomcat.TomcatWebServer - Tomcat initialized with port 7003 (http)
2025-06-17 08:58:59.931 [main] INFO  user2:o.a.catalina.core.StandardService - Starting service [Tomcat]
2025-06-17 08:58:59.932 [main] INFO  user2:o.a.catalina.core.StandardEngine - Starting Servlet engine: [Apache Tomcat/10.1.41]
2025-06-17 08:59:00.013 [main] INFO  user2:o.a.c.c.C.[Tomcat].[localhost].[/] - Initializing Spring embedded WebApplicationContext
2025-06-17 08:59:00.014 [main] INFO  user2:o.s.b.w.s.c.ServletWebServerApplicationContext - Root WebApplicationContext: initialization completed in 1635 ms
2025-06-17 08:59:00.409 [main] INFO  user2:o.s.o.j.p.SpringPersistenceUnitInfo - No LoadTimeWeaver setup: ignoring JPA class transformer
2025-06-17 08:59:00.433 [main] INFO  user2:com.zaxxer.hikari.HikariDataSource - HikariPool-1 - Starting...
2025-06-17 08:59:00.691 [main] INFO  user2:com.zaxxer.hikari.pool.HikariPool - HikariPool-1 - Added connection com.mysql.cj.jdbc.ConnectionImpl@56e78538
2025-06-17 08:59:00.693 [main] INFO  user2:com.zaxxer.hikari.HikariDataSource - HikariPool-1 - Start completed.
2025-06-17 08:59:01.606 [main] INFO  user2:o.s.o.j.LocalContainerEntityManagerFactoryBean - Initialized JPA EntityManagerFactory for persistence unit 'default'
2025-06-17 08:59:02.035 [main] WARN  user2:o.s.b.a.o.j.JpaBaseConfiguration$JpaWebConfiguration - spring.jpa.open-in-view is enabled by default. Therefore, database queries may be performed during view rendering. Explicitly configure spring.jpa.open-in-view to disable this warning
2025-06-17 08:59:02.121 [main] INFO  user2:o.s.c.o.FeignClientFactoryBean - For 'CartModule' URL not provided. Will try picking an instance via load-balancing.
2025-06-17 08:59:02.395 [main] INFO  user2:o.s.s.c.a.a.c.InitializeUserDetailsBeanManagerConfigurer$InitializeUserDetailsManagerConfigurer - Global AuthenticationManager configured with UserDetailsService bean with name userDetailsService
2025-06-17 08:59:02.462 [main] WARN  user2:o.s.b.w.s.c.AnnotationConfigServletWebServerApplicationContext - Exception encountered during context initialization - cancelling refresh attempt: org.springframework.beans.factory.UnsatisfiedDependencyException: Error creating bean with name 'org.springframework.security.config.annotation.web.configuration.WebSecurityConfiguration': Unsatisfied dependency expressed through method 'setFilterChains' parameter 0: Error creating bean with name 'securityFilterChain' defined in class path resource [com/cts/config/SecurityConfig.class]: Failed to instantiate [org.springframework.security.web.SecurityFilterChain]: Factory method 'securityFilterChain' threw exception with message: No qualifying bean of type 'org.springframework.security.oauth2.jwt.JwtDecoder' available
2025-06-17 08:59:02.465 [main] INFO  user2:o.s.o.j.LocalContainerEntityManagerFactoryBean - Closing JPA EntityManagerFactory for persistence unit 'default'
2025-06-17 08:59:02.466 [main] INFO  user2:com.zaxxer.hikari.HikariDataSource - HikariPool-1 - Shutdown initiated...
2025-06-17 08:59:02.474 [main] INFO  user2:com.zaxxer.hikari.HikariDataSource - HikariPool-1 - Shutdown completed.
2025-06-17 08:59:02.475 [main] INFO  user2:o.a.catalina.core.StandardService - Stopping service [Tomcat]
2025-06-17 08:59:02.490 [main] INFO  user2:o.s.b.a.l.ConditionEvaluationReportLogger - 

Error starting ApplicationContext. To display the condition evaluation report re-run your application with 'debug' enabled.
2025-06-17 08:59:02.506 [main] ERROR user2:o.s.b.d.LoggingFailureAnalysisReporter - 

***************************
APPLICATION FAILED TO START
***************************

Description:

Parameter 0 of method setFilterChains in org.springframework.security.config.annotation.web.configuration.WebSecurityConfiguration required a bean of type 'org.springframework.security.oauth2.jwt.JwtDecoder' that could not be found.


Action:

Consider defining a bean of type 'org.springframework.security.oauth2.jwt.JwtDecoder' in your configuration.

2025-06-17 09:04:48.557 [main] INFO  user2:com.cts.User2Application - Starting User2Application using Java 21.0.6 with PID 26148 (C:\Users\2406357\Documents\workspace-spring-tool-suite-4-4.29.1.RELEASE project\user3\target\classes started by 2406357 in C:\Users\2406357\Documents\workspace-spring-tool-suite-4-4.29.1.RELEASE project\user3)
2025-06-17 09:04:48.559 [main] INFO  user2:com.cts.User2Application - No active profile set, falling back to 1 default profile: "default"
2025-06-17 09:04:49.438 [main] INFO  user2:o.s.d.r.c.RepositoryConfigurationDelegate - Bootstrapping Spring Data JPA repositories in DEFAULT mode.
2025-06-17 09:04:49.583 [main] INFO  user2:o.s.d.r.c.RepositoryConfigurationDelegate - Finished Spring Data repository scanning in 136 ms. Found 2 JPA repository interfaces.
2025-06-17 09:04:49.836 [main] INFO  user2:o.s.cloud.context.scope.GenericScope - BeanFactory id=43aa4eb7-65bc-3d0c-af30-fdbe0781d6f6
2025-06-17 09:04:50.159 [main] INFO  user2:o.s.b.w.e.tomcat.TomcatWebServer - Tomcat initialized with port 7003 (http)
2025-06-17 09:04:50.171 [main] INFO  user2:o.a.catalina.core.StandardService - Starting service [Tomcat]
2025-06-17 09:04:50.172 [main] INFO  user2:o.a.catalina.core.StandardEngine - Starting Servlet engine: [Apache Tomcat/10.1.41]
2025-06-17 09:04:50.236 [main] INFO  user2:o.a.c.c.C.[Tomcat].[localhost].[/] - Initializing Spring embedded WebApplicationContext
2025-06-17 09:04:50.237 [main] INFO  user2:o.s.b.w.s.c.ServletWebServerApplicationContext - Root WebApplicationContext: initialization completed in 1644 ms
2025-06-17 09:04:50.707 [main] INFO  user2:o.s.o.j.p.SpringPersistenceUnitInfo - No LoadTimeWeaver setup: ignoring JPA class transformer
2025-06-17 09:04:50.734 [main] INFO  user2:com.zaxxer.hikari.HikariDataSource - HikariPool-1 - Starting...
2025-06-17 09:04:51.013 [main] INFO  user2:com.zaxxer.hikari.pool.HikariPool - HikariPool-1 - Added connection com.mysql.cj.jdbc.ConnectionImpl@66d61298
2025-06-17 09:04:51.016 [main] INFO  user2:com.zaxxer.hikari.HikariDataSource - HikariPool-1 - Start completed.
2025-06-17 09:04:52.034 [main] INFO  user2:o.s.o.j.LocalContainerEntityManagerFactoryBean - Initialized JPA EntityManagerFactory for persistence unit 'default'
2025-06-17 09:04:52.517 [main] WARN  user2:o.s.b.a.o.j.JpaBaseConfiguration$JpaWebConfiguration - spring.jpa.open-in-view is enabled by default. Therefore, database queries may be performed during view rendering. Explicitly configure spring.jpa.open-in-view to disable this warning
2025-06-17 09:04:52.603 [main] INFO  user2:o.s.c.o.FeignClientFactoryBean - For 'CartModule' URL not provided. Will try picking an instance via load-balancing.
2025-06-17 09:04:52.880 [main] INFO  user2:o.s.s.c.a.a.c.InitializeUserDetailsBeanManagerConfigurer$InitializeUserDetailsManagerConfigurer - Global AuthenticationManager configured with UserDetailsService bean with name userDetailsService
2025-06-17 09:04:52.950 [main] WARN  user2:o.s.b.w.s.c.AnnotationConfigServletWebServerApplicationContext - Exception encountered during context initialization - cancelling refresh attempt: org.springframework.beans.factory.UnsatisfiedDependencyException: Error creating bean with name 'org.springframework.security.config.annotation.web.configuration.WebSecurityConfiguration': Unsatisfied dependency expressed through method 'setFilterChains' parameter 0: Error creating bean with name 'securityFilterChain' defined in class path resource [com/cts/config/SecurityConfig.class]: Failed to instantiate [org.springframework.security.web.SecurityFilterChain]: Factory method 'securityFilterChain' threw exception with message: No qualifying bean of type 'org.springframework.security.oauth2.jwt.JwtDecoder' available
2025-06-17 09:04:52.952 [main] INFO  user2:o.s.o.j.LocalContainerEntityManagerFactoryBean - Closing JPA EntityManagerFactory for persistence unit 'default'
2025-06-17 09:04:52.954 [main] INFO  user2:com.zaxxer.hikari.HikariDataSource - HikariPool-1 - Shutdown initiated...
2025-06-17 09:04:52.962 [main] INFO  user2:com.zaxxer.hikari.HikariDataSource - HikariPool-1 - Shutdown completed.
2025-06-17 09:04:52.963 [main] INFO  user2:o.a.catalina.core.StandardService - Stopping service [Tomcat]
2025-06-17 09:04:52.973 [main] INFO  user2:o.s.b.a.l.ConditionEvaluationReportLogger - 

Error starting ApplicationContext. To display the condition evaluation report re-run your application with 'debug' enabled.
2025-06-17 09:04:52.988 [main] ERROR user2:o.s.b.d.LoggingFailureAnalysisReporter - 

***************************
APPLICATION FAILED TO START
***************************

Description:

Parameter 0 of method setFilterChains in org.springframework.security.config.annotation.web.configuration.WebSecurityConfiguration required a bean of type 'org.springframework.security.oauth2.jwt.JwtDecoder' that could not be found.


Action:

Consider defining a bean of type 'org.springframework.security.oauth2.jwt.JwtDecoder' in your configuration.

