2025-06-24T14:29:44.965+05:30  INFO 30908 --- [auth] [main] com.cts.Authservice1Application          : Starting Authservice1Application using Java 21.0.6 with PID 30908 (C:\Users\2406708\Documents\workspace-spring-tool-suite-4-4.29.1.RELEASE project\auth\target\classes started by 2406708 in C:\Users\2406708\Documents\workspace-spring-tool-suite-4-4.29.1.RELEASE project\auth)
2025-06-24T14:29:44.967+05:30 DEBUG 30908 --- [auth] [main] com.cts.Authservice1Application          : Running with Spring Boot v3.5.0, Spring v6.2.7
2025-06-24T14:29:44.967+05:30  INFO 30908 --- [auth] [main] com.cts.Authservice1Application          : No active profile set, falling back to 1 default profile: "default"
2025-06-24T14:29:46.069+05:30  INFO 30908 --- [auth] [main] o.s.cloud.context.scope.GenericScope     : BeanFactory id=a71e5709-c08f-31ae-8e7a-84a272462afc
2025-06-24T14:29:46.313+05:30  INFO 30908 --- [auth] [main] o.s.b.w.embedded.tomcat.TomcatWebServer  : Tomcat initialized with port 7004 (http)
2025-06-24T14:29:46.327+05:30  INFO 30908 --- [auth] [main] o.apache.catalina.core.StandardService   : Starting service [Tomcat]
2025-06-24T14:29:46.328+05:30  INFO 30908 --- [auth] [main] o.apache.catalina.core.StandardEngine    : Starting Servlet engine: [Apache Tomcat/10.1.41]
2025-06-24T14:29:46.404+05:30  INFO 30908 --- [auth] [main] o.a.c.c.C.[Tomcat].[localhost].[/]       : Initializing Spring embedded WebApplicationContext
2025-06-24T14:29:46.404+05:30  INFO 30908 --- [auth] [main] w.s.c.ServletWebServerApplicationContext : Root WebApplicationContext: initialization completed in 1396 ms
2025-06-24T14:29:46.730+05:30  INFO 30908 --- [auth] [main] o.s.c.openfeign.FeignClientFactoryBean   : For 'http://user3' URL not provided. Will try picking an instance via load-balancing.
2025-06-24T14:29:46.999+05:30  WARN 30908 --- [auth] [main] .s.s.UserDetailsServiceAutoConfiguration : 

Using generated security password: a92ea242-5cb2-4d61-944a-6c1c8a38012a

This generated password is for development use only. Your security configuration must be updated before running your application in production.

2025-06-24T14:29:47.007+05:30  INFO 30908 --- [auth] [main] r$InitializeUserDetailsManagerConfigurer : Global AuthenticationManager configured with UserDetailsService bean with name inMemoryUserDetailsManager
2025-06-24T14:29:47.122+05:30  INFO 30908 --- [auth] [main] o.s.v.b.OptionalValidatorFactoryBean     : Failed to set up a Bean Validation provider: jakarta.validation.NoProviderFoundException: Unable to create a Configuration, because no Jakarta Bean Validation provider could be found. Add a provider like Hibernate Validator (RI) to your classpath.
2025-06-24T14:29:47.485+05:30  INFO 30908 --- [auth] [main] DiscoveryClientOptionalArgsConfiguration : Eureka HTTP Client uses RestTemplate.
2025-06-24T14:29:47.508+05:30  WARN 30908 --- [auth] [main] iguration$LoadBalancerCaffeineWarnLogger : Spring Cloud LoadBalancer is currently working with the default cache. While this cache implementation is useful for development and tests, it's recommended to use Caffeine cache in production.You can switch to using Caffeine cache, by adding it and org.springframework.cache.caffeine.CaffeineCacheManager to the classpath.
2025-06-24T14:29:47.560+05:30  INFO 30908 --- [auth] [main] o.s.c.n.eureka.InstanceInfoFactory       : Setting initial instance status as: STARTING
2025-06-24T14:29:47.586+05:30  INFO 30908 --- [auth] [main] com.netflix.discovery.DiscoveryClient    : Initializing Eureka in region us-east-1
2025-06-24T14:29:47.594+05:30  INFO 30908 --- [auth] [main] c.n.d.s.r.aws.ConfigClusterResolver      : Resolving eureka endpoints via configuration
2025-06-24T14:29:47.604+05:30  INFO 30908 --- [auth] [main] com.netflix.discovery.DiscoveryClient    : Disable delta property : false
2025-06-24T14:29:47.604+05:30  INFO 30908 --- [auth] [main] com.netflix.discovery.DiscoveryClient    : Single vip registry refresh property : null
2025-06-24T14:29:47.604+05:30  INFO 30908 --- [auth] [main] com.netflix.discovery.DiscoveryClient    : Force full registry fetch : false
2025-06-24T14:29:47.604+05:30  INFO 30908 --- [auth] [main] com.netflix.discovery.DiscoveryClient    : Application is null : false
2025-06-24T14:29:47.604+05:30  INFO 30908 --- [auth] [main] com.netflix.discovery.DiscoveryClient    : Registered Applications size is zero : true
2025-06-24T14:29:47.604+05:30  INFO 30908 --- [auth] [main] com.netflix.discovery.DiscoveryClient    : Application version is -1: true
2025-06-24T14:29:47.604+05:30  INFO 30908 --- [auth] [main] com.netflix.discovery.DiscoveryClient    : Getting all instance registry info from the eureka server
2025-06-24T14:29:48.125+05:30  INFO 30908 --- [auth] [main] com.netflix.discovery.DiscoveryClient    : The response status is 200
2025-06-24T14:29:48.126+05:30  INFO 30908 --- [auth] [main] com.netflix.discovery.DiscoveryClient    : Starting heartbeat executor: renew interval is: 30
2025-06-24T14:29:48.128+05:30  INFO 30908 --- [auth] [main] c.n.discovery.InstanceInfoReplicator     : InstanceInfoReplicator onDemand update allowed rate per min is 4
2025-06-24T14:29:48.130+05:30  INFO 30908 --- [auth] [main] com.netflix.discovery.DiscoveryClient    : Discovery Client initialized at timestamp 1750755588129 with initial instances count: 4
2025-06-24T14:29:48.134+05:30  INFO 30908 --- [auth] [main] o.s.c.n.e.s.EurekaServiceRegistry        : Registering application AUTH with eureka with status UP
2025-06-24T14:29:48.135+05:30  INFO 30908 --- [auth] [main] com.netflix.discovery.DiscoveryClient    : Saw local status change event StatusChangeEvent [timestamp=1750755588135, current=UP, previous=STARTING]
2025-06-24T14:29:48.137+05:30  INFO 30908 --- [auth] [DiscoveryClient-InstanceInfoReplicator-%d] com.netflix.discovery.DiscoveryClient    : DiscoveryClient_AUTH/LTIN556294.cts.com:auth:7004: registering service...
2025-06-24T14:29:48.160+05:30  INFO 30908 --- [auth] [main] o.s.b.w.embedded.tomcat.TomcatWebServer  : Tomcat started on port 7004 (http) with context path '/'
2025-06-24T14:29:48.161+05:30  INFO 30908 --- [auth] [main] .s.c.n.e.s.EurekaAutoServiceRegistration : Updating port to 7004
2025-06-24T14:29:48.171+05:30  INFO 30908 --- [auth] [main] com.cts.Authservice1Application          : Started Authservice1Application in 3.645 seconds (process running for 4.855)
2025-06-24T14:29:48.182+05:30  INFO 30908 --- [auth] [DiscoveryClient-InstanceInfoReplicator-%d] com.netflix.discovery.DiscoveryClient    : DiscoveryClient_AUTH/LTIN556294.cts.com:auth:7004 - registration status: 204
2025-06-24T14:33:42.538+05:30  INFO 30908 --- [auth] [RMI TCP Connection(14)-127.0.0.1] inMXBeanRegistrar$SpringApplicationAdmin : Application shutdown requested.
2025-06-24T14:33:42.539+05:30  INFO 30908 --- [auth] [RMI TCP Connection(14)-127.0.0.1] o.s.c.n.e.s.EurekaServiceRegistry        : Unregistering application AUTH with eureka with status DOWN
2025-06-24T14:33:42.539+05:30  INFO 30908 --- [auth] [RMI TCP Connection(14)-127.0.0.1] com.netflix.discovery.DiscoveryClient    : Saw local status change event StatusChangeEvent [timestamp=1750755822539, current=DOWN, previous=UP]
2025-06-24T14:33:42.539+05:30  INFO 30908 --- [auth] [DiscoveryClient-InstanceInfoReplicator-%d] com.netflix.discovery.DiscoveryClient    : DiscoveryClient_AUTH/LTIN556294.cts.com:auth:7004: registering service...
2025-06-24T14:33:42.542+05:30  INFO 30908 --- [auth] [RMI TCP Connection(14)-127.0.0.1] o.s.b.w.e.tomcat.GracefulShutdown        : Commencing graceful shutdown. Waiting for active requests to complete
2025-06-24T14:33:42.547+05:30  INFO 30908 --- [auth] [tomcat-shutdown] o.s.b.w.e.tomcat.GracefulShutdown        : Graceful shutdown complete
2025-06-24T14:33:42.551+05:30  INFO 30908 --- [auth] [RMI TCP Connection(14)-127.0.0.1] com.netflix.discovery.DiscoveryClient    : Shutting down DiscoveryClient ...
2025-06-24T14:33:42.559+05:30  INFO 30908 --- [auth] [DiscoveryClient-InstanceInfoReplicator-%d] com.netflix.discovery.DiscoveryClient    : DiscoveryClient_AUTH/LTIN556294.cts.com:auth:7004 - registration status: 204
2025-06-24T14:33:42.560+05:30  INFO 30908 --- [auth] [RMI TCP Connection(14)-127.0.0.1] com.netflix.discovery.DiscoveryClient    : Unregistering ...
2025-06-24T14:33:42.564+05:30  INFO 30908 --- [auth] [RMI TCP Connection(14)-127.0.0.1] com.netflix.discovery.DiscoveryClient    : DiscoveryClient_AUTH/LTIN556294.cts.com:auth:7004 - deregister  status: 200
2025-06-24T14:33:42.564+05:30  INFO 30908 --- [auth] [RMI TCP Connection(14)-127.0.0.1] com.netflix.discovery.DiscoveryClient    : Completed shut down of DiscoveryClient
